✓ Lockfile passes supply-chain policies (verified 9h ago)
Lockfile is up to date, resolution step is skipped
Progress: resolved 1, reused 0, downloaded 0, added 0
Packages: +281
++++++++++++++++++++++++++++++++++++++++++++++++++++++++++++++++++++++++++++++++
Progress: resolved 281, reused 92, downloaded 0, added 0
Progress: resolved 281, reused 281, downloaded 0, added 45
Progress: resolved 281, reused 281, downloaded 0, added 281, done

dependencies:
+ @modelcontextprotocol/sdk 1.29.0
+ three 0.185.1
+ zod 4.4.3

devDependencies:
+ @eslint/js 10.0.1
+ @playwright/test 1.61.1
+ @types/node 26.1.1
+ @types/three 0.185.1
+ @vitest/coverage-v8 4.1.10
+ dependency-cruiser 18.1.0
+ eslint 10.7.0
+ prettier 3.9.5
+ tsx 4.20.6
+ typescript 6.0.2
+ typescript-eslint 8.64.0
+ vite 8.1.4
+ vitest 4.1.10

Done in 6.2s using pnpm v11.8.0
