# Fantasy Asset Forge S4 clean-clone acceptance
Started: 2026-07-18T11:55:23.308Z
Clone: /tmp/faf-s4-final-017310a
Candidate: 017310a


## Identity
$ git rev-parse HEAD
017310a57893cac248a8573f2d371856fa7afc9d
Exit: 0; Signal: none; Elapsed: 0.029s

## Offline frozen install
$ pnpm install --offline --frozen-lockfile
✓ Lockfile passes supply-chain policies (verified 1d ago)
Lockfile is up to date, resolution step is skipped
Already up to date

Done in 6.5s using pnpm v11.8.0
Exit: 0; Signal: none; Elapsed: 6.711s

## Full check
$ pnpm check
$ pnpm format:check && pnpm typecheck && pnpm lint && pnpm test && pnpm generate && git diff --exit-code -- measure/generated && pnpm doctor
$ prettier --check .
Checking formatting...
All matched files use Prettier code style!
$ tsc -b --pretty false
$ eslint . && dependency-cruiser src --config dependency-cruiser.config.mjs

✔ no dependency violations found (52 modules, 91 dependencies cruised)

$ vitest run

 RUN  v4.1.10 /tmp/faf-s4-final-017310a


 Test Files  24 passed (24)
      Tests  175 passed (175)
   Start at  18:57:37
   Duration  19.14s (transform 4.51s, setup 0ms, import 22.15s, tests 13.85s, environment 15ms)

$ node scripts/generate-architecture.mjs
Generated architecture, route, kit, tool, capability, and output facts.
$ bash measure/doctor.sh
Architecture doctor passed.
Exit: 0; Signal: none; Elapsed: 155.138s

## Coverage
$ pnpm test:coverage
✓ Lockfile passes supply-chain policies (verified 1d ago)
Lockfile is up to date, resolution step is skipped
Already up to date

Done in 3.2s using pnpm v11.8.0
$ vitest run --coverage

 RUN  v4.1.10 /tmp/faf-s4-final-017310a
      Coverage enabled with v8


 Test Files  24 passed (24)
      Tests  175 passed (175)
   Start at  18:58:12
   Duration  28.04s (transform 5.25s, setup 0ms, import 25.88s, tests 22.62s, environment 16ms)

 % Coverage report from v8
-------------------|---------|----------|---------|---------|-------------------
File               | % Stmts | % Branch | % Funcs | % Lines | Uncovered Line #s 
-------------------|---------|----------|---------|---------|-------------------
All files          |   94.29 |    83.59 |    96.7 |   94.85 |                   
 assembly          |   97.34 |    91.66 |   96.87 |   97.22 |                   
  evaluate.ts      |   97.91 |    92.43 |   97.91 |    97.8 | 238,335,429,637   
  math.ts          |   95.83 |       88 |   93.75 |   95.71 | 56,202,218        
 contracts         |    87.4 |    72.54 |   86.36 |   88.98 |                   
  schemas.ts       |    87.4 |    72.54 |   86.36 |   88.98 | ...41,252,419,659 
 document          |   95.77 |    90.45 |     100 |   96.52 |                   
  canonical.ts     |   94.87 |    89.18 |     100 |   94.44 | 16,44             
  parse.ts         |   93.93 |    85.48 |     100 |   95.55 | 145,161,174,213   
  patch.ts         |   98.07 |    93.54 |     100 |   97.95 | 183,191           
  revisions.ts     |    92.2 |     87.5 |     100 |   94.44 | 53,150,152,185    
  semantic-diff.ts |   98.78 |    96.22 |     100 |    98.7 | 30                
 fantasy-kit       |   94.91 |    88.23 |   89.47 |   94.44 |                   
  catalog.ts       |   94.91 |    88.23 |   89.47 |   94.44 | 645,1151-1156     
 geometry          |   97.29 |     75.3 |     100 |   97.05 |                   
  generators.ts    |    98.5 |     74.8 |     100 |   98.35 | ...63,551,796,842 
  mesh.ts          |   94.52 |    75.83 |     100 |    94.2 | ...84,319,329,376 
 scene             |   98.24 |    73.07 |     100 |     100 |                   
  compiler.ts      |   98.24 |    73.07 |     100 |     100 | 32-35,75,92,127   
 services          |   80.43 |       90 |   81.25 |   81.81 |                   
  ...-artifacts.ts |   80.43 |       90 |   81.25 |   81.81 | ...96,221-233,251 
 tools             |   87.92 |    68.55 |   95.45 |   90.24 |                   
  capabilities.ts  |     100 |    71.42 |     100 |     100 | 14,72-87          
  handlers.ts      |   86.44 |    68.27 |   93.87 |   89.04 | ...16,722,737,743 
 validation        |   95.62 |     93.6 |     100 |   95.12 |                   
  pixels.ts        |    97.7 |       95 |     100 |   97.26 | 48,189            
  ...-artifacts.ts |      92 |    91.11 |     100 |      92 | 43-44,69-72       
-------------------|---------|----------|---------|---------|-------------------

=============================== Coverage summary ===============================
Statements   : 94.29% ( 1868/1981 )
Branches     : 83.59% ( 943/1128 )
Functions    : 96.7% ( 382/395 )
Lines        : 94.85% ( 1750/1845 )
================================================================================
Exit: 0; Signal: none; Elapsed: 35.410s

## Production build
$ pnpm build
$ tsc -b && vite build
vite v8.1.4 building client environment for production...
[2Ktransforming...✓ 114 modules transformed.
rendering chunks...
computing gzip size...
dist/index.html                   0.72 kB │ gzip:   0.45 kB
dist/assets/index-DsPJaMsr.css    5.92 kB │ gzip:   1.85 kB
dist/assets/index-Ctg87OBy.js   800.16 kB │ gzip: 207.12 kB

✓ built in 1.47s
[plugin builtin:vite-reporter] 
(!) Some chunks are larger than 500 kB after minification. Consider:
- Using dynamic import() to code-split the application
- Use build.rolldownOptions.output.codeSplitting to improve chunking: https://rolldown.rs/reference/OutputOptions.codeSplitting
- Adjust chunk size limit for this warning via build.chunkSizeWarningLimit.
Exit: 0; Signal: none; Elapsed: 5.106s

## Browser acceptance
$ pnpm test:browser
$ node --import tsx scripts/test-browser.ts

Running 1 test using 1 worker

(node:3840882) Warning: The 'NO_COLOR' env is ignored due to the 'FORCE_COLOR' env being set.
(Use `node --trace-warnings ...` to show where the warning was created)
  ✓  1 tests/browser/inspector.spec.ts:4:1 › inspector renders semantic assets, transparent sprites, and valid GLB evidence (19.7s)

  1 passed (24.6s)
Exit: 0; Signal: none; Elapsed: 32.587s

## Deterministic reference build
$ pnpm reference:build
$ node --import tsx scripts/build-references.ts
/tmp/faf-s4-final-017310a/measure/archive/fantasy_asset_mvp_20260717/reference-build.json
Exit: 0; Signal: none; Elapsed: 79.976s

## Generated facts
$ pnpm generate
$ node scripts/generate-architecture.mjs
Generated architecture, route, kit, tool, capability, and output facts.
Exit: 0; Signal: none; Elapsed: 3.669s

## Architecture doctor
$ pnpm doctor
$ bash measure/doctor.sh
Architecture doctor passed.
Exit: 0; Signal: none; Elapsed: 4.150s

## Committed adventurer artifact audit
$ node .agents/skills/fantasy-asset-workflow/scripts/verify-artifacts.mjs --render-manifest artifacts/reference/adventurer.rustic/revision.02ee4a5682675f49d494f6f99ea5cb1b9b5e1805ac0c30ee5b300ceaa7136561/render-manifest.json --glb-manifest artifacts/reference/adventurer.rustic/revision.02ee4a5682675f49d494f6f99ea5cb1b9b5e1805ac0c30ee5b300ceaa7136561/glb-manifest.json --expected-asset adventurer.rustic --expected-revision revision.02ee4a5682675f49d494f6f99ea5cb1b9b5e1805ac0c30ee5b300ceaa7136561
{
  "ok": true,
  "assetId": "adventurer.rustic",
  "revisionId": "revision.02ee4a5682675f49d494f6f99ea5cb1b9b5e1805ac0c30ee5b300ceaa7136561",
  "renderManifestPath": "/tmp/faf-s4-final-017310a/artifacts/reference/adventurer.rustic/revision.02ee4a5682675f49d494f6f99ea5cb1b9b5e1805ac0c30ee5b300ceaa7136561/render-manifest.json",
  "glbManifestPath": "/tmp/faf-s4-final-017310a/artifacts/reference/adventurer.rustic/revision.02ee4a5682675f49d494f6f99ea5cb1b9b5e1805ac0c30ee5b300ceaa7136561/glb-manifest.json",
  "files": [
    {
      "kind": "directional-frame",
      "direction": "N",
      "path": "/tmp/faf-s4-final-017310a/artifacts/reference/adventurer.rustic/revision.02ee4a5682675f49d494f6f99ea5cb1b9b5e1805ac0c30ee5b300ceaa7136561/n.png",
      "bytes": 3759,
      "width": 128,
      "height": 128,
      "sha256": "476557051211e117d5966c885a4949c95acf1b17d7a5840c8ea662aae2729bea"
    },
    {
      "kind": "directional-frame",
      "direction": "NE",
      "path": "/tmp/faf-s4-final-017310a/artifacts/reference/adventurer.rustic/revision.02ee4a5682675f49d494f6f99ea5cb1b9b5e1805ac0c30ee5b300ceaa7136561/ne.png",
      "bytes": 3684,
      "width": 128,
      "height": 128,
      "sha256": "0c057c3253a18e79deb2ad4a4c268714efd6ba4075a6ce3493f913f42d0b48a2"
    },
    {
      "kind": "directional-frame",
      "direction": "E",
      "path": "/tmp/faf-s4-final-017310a/artifacts/reference/adventurer.rustic/revision.02ee4a5682675f49d494f6f99ea5cb1b9b5e1805ac0c30ee5b300ceaa7136561/e.png",
      "bytes": 2262,
      "width": 128,
      "height": 128,
      "sha256": "d4677cd90ba1adbf7c8e9f2266ee34fa43d15ecd977abfede600538e2c7b1a28"
    },
    {
      "kind": "directional-frame",
      "direction": "SE",
      "path": "/tmp/faf-s4-final-017310a/artifacts/reference/adventurer.rustic/revision.02ee4a5682675f49d494f6f99ea5cb1b9b5e1805ac0c30ee5b300ceaa7136561/se.png",
      "bytes": 3495,
      "width": 128,
      "height": 128,
      "sha256": "df1c9068dd4c474621a9757a948778e184a6968606a231b85a87ac59dd38855e"
    },
    {
      "kind": "directional-frame",
      "direction": "S",
      "path": "/tmp/faf-s4-final-017310a/artifacts/reference/adventurer.rustic/revision.02ee4a5682675f49d494f6f99ea5cb1b9b5e1805ac0c30ee5b300ceaa7136561/s.png",
      "bytes": 3515,
      "width": 128,
      "height": 128,
      "sha256": "6bb10aefa4bd15e8d2375fa557567de2e2b699c5aeda694140e9bedd5633fbb5"
    },
    {
      "kind": "directional-frame",
      "direction": "SW",
      "path": "/tmp/faf-s4-final-017310a/artifacts/reference/adventurer.rustic/revision.02ee4a5682675f49d494f6f99ea5cb1b9b5e1805ac0c30ee5b300ceaa7136561/sw.png",
      "bytes": 3508,
      "width": 128,
      "height": 128,
      "sha256": "fd97d8225fd08311200039e94acb23969aa8fd39cd25b3285294d17b402ee6a9"
    },
    {
      "kind": "directional-frame",
      "direction": "W",
      "path": "/tmp/faf-s4-final-017310a/artifacts/reference/adventurer.rustic/revision.02ee4a5682675f49d494f6f99ea5cb1b9b5e1805ac0c30ee5b300ceaa7136561/w.png",
      "bytes": 2216,
      "width": 128,
      "height": 128,
      "sha256": "f4d2f896d5b3e2c0931b6753dc419d8cc58d87ca83d28f4965f0074e534fbbde"
    },
    {
      "kind": "directional-frame",
      "direction": "NW",
      "path": "/tmp/faf-s4-final-017310a/artifacts/reference/adventurer.rustic/revision.02ee4a5682675f49d494f6f99ea5cb1b9b5e1805ac0c30ee5b300ceaa7136561/nw.png",
      "bytes": 3602,
      "width": 128,
      "height": 128,
      "sha256": "9f4a5e4f99ecb73d685be38106e6685714b26deb05d2cfc0f57a795a4ae77442"
    },
    {
      "kind": "contact-sheet",
      "path": "/tmp/faf-s4-final-017310a/artifacts/reference/adventurer.rustic/revision.02ee4a5682675f49d494f6f99ea5cb1b9b5e1805ac0c30ee5b300ceaa7136561/contact-sheet.png",
      "bytes": 25243,
      "width": 512,
      "height": 292,
      "sha256": "038b5d877026c1451a589e6ba58a0b77d225bf3f5f5450bb3dda91fd268c0125"
    },
    {
      "kind": "glb",
      "path": "/tmp/faf-s4-final-017310a/artifacts/reference/adventurer.rustic/revision.02ee4a5682675f49d494f6f99ea5cb1b9b5e1805ac0c30ee5b300ceaa7136561/adventurer.rustic.glb",
      "bytes": 58936,
      "sha256": "877e2bd38991d915d329521d490c4280525f4a462313c8286ff95e91d66a0b26"
    }
  ]
}
Exit: 0; Signal: none; Elapsed: 0.194s

## Committed crate artifact audit
$ node .agents/skills/fantasy-asset-workflow/scripts/verify-artifacts.mjs --render-manifest artifacts/reference/crate.rustic/revision.453647cfe7d1b945148666d971c21975926f2348ff00704d0d1faacdd431d3e6/render-manifest.json --glb-manifest artifacts/reference/crate.rustic/revision.453647cfe7d1b945148666d971c21975926f2348ff00704d0d1faacdd431d3e6/glb-manifest.json --expected-asset crate.rustic --expected-revision revision.453647cfe7d1b945148666d971c21975926f2348ff00704d0d1faacdd431d3e6
{
  "ok": true,
  "assetId": "crate.rustic",
  "revisionId": "revision.453647cfe7d1b945148666d971c21975926f2348ff00704d0d1faacdd431d3e6",
  "renderManifestPath": "/tmp/faf-s4-final-017310a/artifacts/reference/crate.rustic/revision.453647cfe7d1b945148666d971c21975926f2348ff00704d0d1faacdd431d3e6/render-manifest.json",
  "glbManifestPath": "/tmp/faf-s4-final-017310a/artifacts/reference/crate.rustic/revision.453647cfe7d1b945148666d971c21975926f2348ff00704d0d1faacdd431d3e6/glb-manifest.json",
  "files": [
    {
      "kind": "directional-frame",
      "direction": "N",
      "path": "/tmp/faf-s4-final-017310a/artifacts/reference/crate.rustic/revision.453647cfe7d1b945148666d971c21975926f2348ff00704d0d1faacdd431d3e6/n.png",
      "bytes": 1080,
      "width": 128,
      "height": 128,
      "sha256": "f344421960d6d8a9e0353806ba674179342b4ec32ba94df20b8d79108146c590"
    },
    {
      "kind": "directional-frame",
      "direction": "NE",
      "path": "/tmp/faf-s4-final-017310a/artifacts/reference/crate.rustic/revision.453647cfe7d1b945148666d971c21975926f2348ff00704d0d1faacdd431d3e6/ne.png",
      "bytes": 1888,
      "width": 128,
      "height": 128,
      "sha256": "ff5ffec6f05d1fced2bee335e3a7b68c6a61c1f8d2a8a5705d584fce03bebcd4"
    },
    {
      "kind": "directional-frame",
      "direction": "E",
      "path": "/tmp/faf-s4-final-017310a/artifacts/reference/crate.rustic/revision.453647cfe7d1b945148666d971c21975926f2348ff00704d0d1faacdd431d3e6/e.png",
      "bytes": 1125,
      "width": 128,
      "height": 128,
      "sha256": "a39f7d74f8f9e71971d1b4f00dc14167206c386e0d789f60447b76bb64ceadd6"
    },
    {
      "kind": "directional-frame",
      "direction": "SE",
      "path": "/tmp/faf-s4-final-017310a/artifacts/reference/crate.rustic/revision.453647cfe7d1b945148666d971c21975926f2348ff00704d0d1faacdd431d3e6/se.png",
      "bytes": 1943,
      "width": 128,
      "height": 128,
      "sha256": "1515aea7cbbc3d616c80aaac4b7fb5cddb7e768080cf6787ea02d6257735d3d9"
    },
    {
      "kind": "directional-frame",
      "direction": "S",
      "path": "/tmp/faf-s4-final-017310a/artifacts/reference/crate.rustic/revision.453647cfe7d1b945148666d971c21975926f2348ff00704d0d1faacdd431d3e6/s.png",
      "bytes": 1072,
      "width": 128,
      "height": 128,
      "sha256": "a36561b55b649563e3eb23140be37a5e3e8fe1213b6ee850f7e1c88e57ae69de"
    },
    {
      "kind": "directional-frame",
      "direction": "SW",
      "path": "/tmp/faf-s4-final-017310a/artifacts/reference/crate.rustic/revision.453647cfe7d1b945148666d971c21975926f2348ff00704d0d1faacdd431d3e6/sw.png",
      "bytes": 1908,
      "width": 128,
      "height": 128,
      "sha256": "f85542b8e90710c1b9821bace50982abe05abc6b4d369e6a8f9304216f55dc24"
    },
    {
      "kind": "directional-frame",
      "direction": "W",
      "path": "/tmp/faf-s4-final-017310a/artifacts/reference/crate.rustic/revision.453647cfe7d1b945148666d971c21975926f2348ff00704d0d1faacdd431d3e6/w.png",
      "bytes": 1121,
      "width": 128,
      "height": 128,
      "sha256": "5451da42a40a5283d05b056dcfd134941409a3fa5b2eec7e14b3f60ae86789f7"
    },
    {
      "kind": "directional-frame",
      "direction": "NW",
      "path": "/tmp/faf-s4-final-017310a/artifacts/reference/crate.rustic/revision.453647cfe7d1b945148666d971c21975926f2348ff00704d0d1faacdd431d3e6/nw.png",
      "bytes": 1918,
      "width": 128,
      "height": 128,
      "sha256": "43a04c1c65d26f63549c4a82fb5a9b10b9c679fbed35ecdfb5be9ef5d3344653"
    },
    {
      "kind": "contact-sheet",
      "path": "/tmp/faf-s4-final-017310a/artifacts/reference/crate.rustic/revision.453647cfe7d1b945148666d971c21975926f2348ff00704d0d1faacdd431d3e6/contact-sheet.png",
      "bytes": 11440,
      "width": 512,
      "height": 292,
      "sha256": "ce32242cbb80ae39f093b899efdab5288a5705917e9f9beb56f19edf5a07c1d3"
    },
    {
      "kind": "glb",
      "path": "/tmp/faf-s4-final-017310a/artifacts/reference/crate.rustic/revision.453647cfe7d1b945148666d971c21975926f2348ff00704d0d1faacdd431d3e6/crate.rustic.glb",
      "bytes": 11448,
      "sha256": "34be3ad3279938ca54821cb7886a23a56fc86fe36ee419b49240879c6239dfca"
    }
  ]
}
Exit: 0; Signal: none; Elapsed: 0.213s

## Kimi final artifact audit
$ node .agents/skills/fantasy-asset-workflow/scripts/verify-artifacts.mjs --render-manifest measure/tracks/llm_authoring_workflow_hardening_20260717/s4-evidence/20260718T111001Z/artifacts/render-manifest.json --glb-manifest measure/tracks/llm_authoring_workflow_hardening_20260717/s4-evidence/20260718T111001Z/artifacts/glb-manifest.json --expected-asset adventurer.rustic --expected-revision revision.d5d5b50da9ea46803f99118eb65dddcfebfb4fa1f58ea327ab44316f93ca2679
{
  "ok": true,
  "assetId": "adventurer.rustic",
  "revisionId": "revision.d5d5b50da9ea46803f99118eb65dddcfebfb4fa1f58ea327ab44316f93ca2679",
  "renderManifestPath": "/tmp/faf-s4-final-017310a/measure/tracks/llm_authoring_workflow_hardening_20260717/s4-evidence/20260718T111001Z/artifacts/render-manifest.json",
  "glbManifestPath": "/tmp/faf-s4-final-017310a/measure/tracks/llm_authoring_workflow_hardening_20260717/s4-evidence/20260718T111001Z/artifacts/glb-manifest.json",
  "files": [
    {
      "kind": "directional-frame",
      "direction": "N",
      "path": "/tmp/faf-s4-final-017310a/measure/tracks/llm_authoring_workflow_hardening_20260717/s4-evidence/20260718T111001Z/artifacts/n.png",
      "bytes": 3737,
      "width": 128,
      "height": 128,
      "sha256": "7f2599fa5afa31c44fdd514f6ee32aaeecd0dcd0f55d7816c89a39573f67d913"
    },
    {
      "kind": "directional-frame",
      "direction": "NE",
      "path": "/tmp/faf-s4-final-017310a/measure/tracks/llm_authoring_workflow_hardening_20260717/s4-evidence/20260718T111001Z/artifacts/ne.png",
      "bytes": 3647,
      "width": 128,
      "height": 128,
      "sha256": "7c703cff302fb3df71458ba3ab70ac7e8aa5c98909d4f987f4202ea9313a011b"
    },
    {
      "kind": "directional-frame",
      "direction": "E",
      "path": "/tmp/faf-s4-final-017310a/measure/tracks/llm_authoring_workflow_hardening_20260717/s4-evidence/20260718T111001Z/artifacts/e.png",
      "bytes": 2245,
      "width": 128,
      "height": 128,
      "sha256": "203256a40725fe47fbbfcd15015820109a1d95e156628502618865f80ce2daf8"
    },
    {
      "kind": "directional-frame",
      "direction": "SE",
      "path": "/tmp/faf-s4-final-017310a/measure/tracks/llm_authoring_workflow_hardening_20260717/s4-evidence/20260718T111001Z/artifacts/se.png",
      "bytes": 3342,
      "width": 128,
      "height": 128,
      "sha256": "a8a79892c70896142c1201c1efef7fc2494e013007b7957e62e267efe910b6e4"
    },
    {
      "kind": "directional-frame",
      "direction": "S",
      "path": "/tmp/faf-s4-final-017310a/measure/tracks/llm_authoring_workflow_hardening_20260717/s4-evidence/20260718T111001Z/artifacts/s.png",
      "bytes": 3493,
      "width": 128,
      "height": 128,
      "sha256": "58ac08cffd748dc1508d547a2c26ca870f44f5bbdc4d94345c881c07554e19d5"
    },
    {
      "kind": "directional-frame",
      "direction": "SW",
      "path": "/tmp/faf-s4-final-017310a/measure/tracks/llm_authoring_workflow_hardening_20260717/s4-evidence/20260718T111001Z/artifacts/sw.png",
      "bytes": 3346,
      "width": 128,
      "height": 128,
      "sha256": "23476bdf1cfb4e70a0f26139e7ecd2211ea09b0a0cb54bd2e84ac362bca40cd1"
    },
    {
      "kind": "directional-frame",
      "direction": "W",
      "path": "/tmp/faf-s4-final-017310a/measure/tracks/llm_authoring_workflow_hardening_20260717/s4-evidence/20260718T111001Z/artifacts/w.png",
      "bytes": 2128,
      "width": 128,
      "height": 128,
      "sha256": "ea460df7633928b7ee3217494a315a154e7d3040588e2690dbb5bea62b8133e3"
    },
    {
      "kind": "directional-frame",
      "direction": "NW",
      "path": "/tmp/faf-s4-final-017310a/measure/tracks/llm_authoring_workflow_hardening_20260717/s4-evidence/20260718T111001Z/artifacts/nw.png",
      "bytes": 3627,
      "width": 128,
      "height": 128,
      "sha256": "03ea39a02174fd09127366d990f420096d1bdc26135c1ca3da4b1f12c50aeb46"
    },
    {
      "kind": "contact-sheet",
      "path": "/tmp/faf-s4-final-017310a/measure/tracks/llm_authoring_workflow_hardening_20260717/s4-evidence/20260718T111001Z/artifacts/contact-sheet.png",
      "bytes": 25248,
      "width": 512,
      "height": 292,
      "sha256": "deceb8c1ff6a5b00258100fc195ea16347478b0931a433abcee0229cadade6df"
    },
    {
      "kind": "glb",
      "path": "/tmp/faf-s4-final-017310a/measure/tracks/llm_authoring_workflow_hardening_20260717/s4-evidence/20260718T111001Z/artifacts/adventurer.rustic.glb",
      "bytes": 54336,
      "sha256": "b480793458c8be4e28e77366633dfc388985a8503b4a575127b8866bedad473f"
    }
  ]
}
Exit: 0; Signal: none; Elapsed: 0.244s

## Kimi final GLTFLoader import
$ node .agents/skills/fantasy-asset-workflow/scripts/inspect-glb.mjs --glb-manifest measure/tracks/llm_authoring_workflow_hardening_20260717/s4-evidence/20260718T111001Z/artifacts/glb-manifest.json --expected-asset adventurer.rustic --expected-revision revision.d5d5b50da9ea46803f99118eb65dddcfebfb4fa1f58ea327ab44316f93ca2679
{
  "ok": true,
  "importer": "Three.js GLTFLoader",
  "importerVersion": "0.185.1",
  "assetId": "adventurer.rustic",
  "revisionId": "revision.d5d5b50da9ea46803f99118eb65dddcfebfb4fa1f58ea327ab44316f93ca2679",
  "manifestPath": "/tmp/faf-s4-final-017310a/measure/tracks/llm_authoring_workflow_hardening_20260717/s4-evidence/20260718T111001Z/artifacts/glb-manifest.json",
  "glbPath": "/tmp/faf-s4-final-017310a/measure/tracks/llm_authoring_workflow_hardening_20260717/s4-evidence/20260718T111001Z/artifacts/adventurer.rustic.glb",
  "byteLength": 54336,
  "sha256": "b480793458c8be4e28e77366633dfc388985a8503b4a575127b8866bedad473f",
  "up": [
    0,
    1,
    0
  ],
  "orientation": "Y-up",
  "bounds": {
    "min": [
      -1.2329729347341534,
      -0.6795584227428222,
      -0.1826385259628296
    ],
    "max": [
      1.0517073110789021,
      2.3300000005960464,
      0.2550000023841858
    ],
    "size": [
      2.2846802458130555,
      3.0095584233388686,
      0.4376385283470154
    ],
    "groundY": -0.6795584227428222,
    "unit": "meter",
    "manifestDeviation": 0,
    "manifestTolerance": 0.000030095584233388687,
    "matchesManifest": true
  },
  "nodeNames": [
    "AuxScene",
    "adventurerrustic",
    "footleft",
    "footright",
    "forearmleft",
    "forearmright",
    "hair",
    "handleft",
    "handright",
    "head",
    "pelvis",
    "shinleft",
    "shinright",
    "thighleft",
    "thighright",
    "torso",
    "tunic",
    "upper-armleft",
    "upper-armright"
  ],
  "expectedNodeNames": [
    "AuxScene",
    "adventurerrustic",
    "footleft",
    "footright",
    "forearmleft",
    "forearmright",
    "hair",
    "handleft",
    "handright",
    "head",
    "pelvis",
    "shinleft",
    "shinright",
    "thighleft",
    "thighright",
    "torso",
    "tunic",
    "upper-armleft",
    "upper-armright"
  ],
  "semanticNodeCount": 18,
  "missingNodeNames": [],
  "unexpectedNodeNames": [],
  "duplicateNodeNames": [],
  "materialNames": [
    "cloth.moss",
    "cloth.umber",
    "hair.chestnut",
    "leather.dark",
    "skin.warm"
  ],
  "cameraCount": 0,
  "lightCount": 0,
  "skinCount": 0,
  "textureCount": 0,
  "animationCount": 0,
  "errors": [],
  "limitations": [
    "Representative Three.js importer only; Godot, Unity, and gameplay runtime import remain Not Assessed."
  ]
}
Exit: 0; Signal: none; Elapsed: 0.358s

## Ad-hoc output ignore regression
Copied the exact Kimi artifact set into a newly generated revision directory before final status.

## Final git status
$ git status --porcelain

Exit: 0; Signal: none; Elapsed: 0.035s

Completed: 2026-07-18T12:00:47.256Z
Overall: PASS
